

================================================================
== Vivado HLS Report for 'Conv_2'
================================================================
* Date:           Tue Jun 11 19:36:16 2019

* Version:        2018.2 (Build 2258646 on Thu Jun 14 20:25:20 MDT 2018)
* Project:        ULTRA_HLS
* Solution:       solution1
* Product family: zynq
* Target device:  xc7z020clg400-1


================================================================
== Performance Estimates
================================================================
+ Timing (ns): 
    * Summary: 
    +--------+-------+----------+------------+
    |  Clock | Target| Estimated| Uncertainty|
    +--------+-------+----------+------------+
    |ap_clk  |   5.00|     5.417|        0.63|
    +--------+-------+----------+------------+

+ Latency (clock cycles): 
    * Summary: 
    +-----+---------+-----+---------+---------+
    |    Latency    |    Interval   | Pipeline|
    | min |   max   | min |   max   |   Type  |
    +-----+---------+-----+---------+---------+
    |  433|  1276359|  433|  1276359|   none  |
    +-----+---------+-----+---------+---------+

    + Detail: 
        * Instance: 
        N/A

        * Loop: 
        +-------------+-------+---------+----------+-----------+-----------+-------------+----------+
        |             |     Latency     | Iteration|  Initiation Interval  |     Trip    |          |
        |  Loop Name  |  min  |   max   |  Latency |  achieved |   target  |    Count    | Pipelined|
        +-------------+-------+---------+----------+-----------+-----------+-------------+----------+
        |- Loop 1     |   4612|     4612|         6|          1|          1|         4608|    yes   |
        |- Loop 2     |     17|       17|         3|          1|          1|           16|    yes   |
        |- Loop 3     |  10050|  1276350|     10050|          -|          -|   1 ~ 127   |    no    |
        | + Loop 3.1  |    802|      802|         4|          1|          1|          800|    yes   |
        | + Loop 3.2  |   9243|     9243|        30|          2|          1|         4608|    yes   |
        |- Loop 4     |    416|    18560|         2|          1|          1| 416 ~ 18560 |    yes   |
        +-------------+-------+---------+----------+-----------+-----------+-------------+----------+



================================================================
== Utilization Estimates
================================================================
* Summary: 
+-----------------+---------+-------+--------+-------+
|       Name      | BRAM_18K| DSP48E|   FF   |  LUT  |
+-----------------+---------+-------+--------+-------+
|DSP              |        -|      3|       -|      -|
|Expression       |        -|      0|       0|   1937|
|FIFO             |        -|      -|       -|      -|
|Instance         |        -|     11|     686|     52|
|Memory           |        8|      -|       8|      2|
|Multiplexer      |        -|      -|       -|   1099|
|Register         |        0|      -|    2468|    288|
+-----------------+---------+-------+--------+-------+
|Total            |        8|     14|    3162|   3378|
+-----------------+---------+-------+--------+-------+
|Available        |      280|    220|  106400|  53200|
+-----------------+---------+-------+--------+-------+
|Utilization (%)  |        2|      6|       2|      6|
+-----------------+---------+-------+--------+-------+

+ Detail: 
    * Instance: 
    +--------------------------+----------------------+---------+-------+-----+----+
    |         Instance         |        Module        | BRAM_18K| DSP48E|  FF | LUT|
    +--------------------------+----------------------+---------+-------+-----+----+
    |ultra_mul_32s_32sbkb_U70  |ultra_mul_32s_32sbkb  |        0|      4|  215|   1|
    |ultra_mul_35ns_33eOg_U72  |ultra_mul_35ns_33eOg  |        0|      4|  276|  40|
    |ultra_mul_8s_26s_dEe_U71  |ultra_mul_8s_26s_dEe  |        0|      3|  195|  11|
    +--------------------------+----------------------+---------+-------+-----+----+
    |Total                     |                      |        0|     11|  686|  52|
    +--------------------------+----------------------+---------+-------+-----+----+

    * DSP48: 
    +--------------------------+----------------------+--------------+
    |         Instance         |        Module        |  Expression  |
    +--------------------------+----------------------+--------------+
    |ultra_mac_muladd_fYi_U75  |ultra_mac_muladd_fYi  | i0 + i1 * i2 |
    |ultra_mul_mul_16scud_U73  |ultra_mul_mul_16scud  |    i0 * i0   |
    |ultra_mul_mul_16scud_U74  |ultra_mul_mul_16scud  |    i0 * i1   |
    +--------------------------+----------------------+--------------+

    * Memory: 
    +------------+-----------------+---------+---+----+------+-----+------+-------------+
    |   Memory   |      Module     | BRAM_18K| FF| LUT| Words| Bits| Banks| W*Bits*Banks|
    +------------+-----------------+---------+---+----+------+-----+------+-------------+
    |A_V_1_2_U   |Conv_2_A_V_1_2   |        1|  0|   0|   160|    8|     1|         1280|
    |A_V_1_3_U   |Conv_2_A_V_1_2   |        1|  0|   0|   160|    8|     1|         1280|
    |A_V_1_4_U   |Conv_2_A_V_1_2   |        1|  0|   0|   160|    8|     1|         1280|
    |A_V_1_1_U   |Conv_2_A_V_1_2   |        1|  0|   0|   160|    8|     1|         1280|
    |A_V_1_0_U   |Conv_2_A_V_1_2   |        1|  0|   0|   160|    8|     1|         1280|
    |B_V_1_0_U   |Conv_2_B_V_1_0   |        1|  0|   0|  1536|    8|     1|        12288|
    |B_V_1_1_U   |Conv_2_B_V_1_0   |        1|  0|   0|  1536|    8|     1|        12288|
    |B_V_1_2_U   |Conv_2_B_V_1_0   |        1|  0|   0|  1536|    8|     1|        12288|
    |bias_V_9_U  |Conv_S_bias_V_6  |        0|  8|   2|    16|    8|     1|          128|
    +------------+-----------------+---------+---+----+------+-----+------+-------------+
    |Total       |                 |        8|  8|   2|  5424|   72|     9|        43392|
    +------------+-----------------+---------+---+----+------+-----+------+-------------+

    * FIFO: 
    N/A

    * Expression: 
    +------------------------------------+----------+-------+---+----+------------+------------+
    |            Variable Name           | Operation| DSP48E| FF| LUT| Bitwidth P0| Bitwidth P1|
    +------------------------------------+----------+-------+---+----+------------+------------+
    |r_V_18_0_1_fu_1591_p2               |     *    |      0|  0|  41|           8|           8|
    |r_V_18_0_2_fu_1605_p2               |     *    |      0|  0|  41|           8|           8|
    |r_V_18_1_1_fu_1651_p2               |     *    |      0|  0|  41|           8|           8|
    |r_V_18_1_2_fu_1665_p2               |     *    |      0|  0|  41|           8|           8|
    |r_V_18_1_fu_1637_p2                 |     *    |      0|  0|  41|           8|           8|
    |r_V_18_2_1_fu_1618_p2               |     *    |      0|  0|  41|           8|           8|
    |r_V_18_2_fu_1679_p2                 |     *    |      0|  0|  41|           8|           8|
    |r_V_3_fu_1577_p2                    |     *    |      0|  0|  41|           8|           8|
    |KER_bound_fu_1043_p2                |     +    |      0|  0|  39|          32|          32|
    |buf_V_7_2_2_fu_1779_p2              |     +    |      0|  0|  31|          24|          24|
    |i_21_fu_2217_p2                     |     +    |      0|  0|  15|           5|           1|
    |i_22_fu_2140_p2                     |     +    |      0|  0|  15|           5|           1|
    |i_23_fu_1347_p2                     |     +    |      0|  0|  15|           1|           5|
    |i_3_fu_1173_p2                      |     +    |      0|  0|  15|           6|           1|
    |i_fu_1056_p2                        |     +    |      0|  0|  38|          31|           1|
    |ia_2_fu_1226_p2                     |     +    |      0|  0|  12|           3|           1|
    |ia_3_mid1_fu_1402_p2                |     +    |      0|  0|  12|           2|           3|
    |ib_2_fu_1324_p2                     |     +    |      0|  0|  12|           1|           3|
    |indvar_flatten13_op_fu_1975_p2      |     +    |      0|  0|  12|          12|           1|
    |indvar_flatten44_op_fu_1095_p2      |     +    |      0|  0|  15|           9|           1|
    |indvar_flatten63_op_fu_1306_p2      |     +    |      0|  0|  13|          11|           1|
    |indvar_flatten78_op_fu_1312_p2      |     +    |      0|  0|  12|          12|           1|
    |indvar_flatten_next1_6_fu_1963_p2   |     +    |      0|  0|  17|          13|           1|
    |indvar_flatten_next1_8_fu_1083_p2   |     +    |      0|  0|  14|          10|           1|
    |indvar_flatten_next2_1_fu_1238_p2   |     +    |      0|  0|  17|          13|           1|
    |indvar_flatten_op_fu_2055_p2        |     +    |      0|  0|  13|          11|           1|
    |j_11_fu_2108_p2                     |     +    |      0|  0|  15|           1|           6|
    |j_1_fu_1109_p2                      |     +    |      0|  0|  12|           1|           3|
    |j_2_fu_1370_p2                      |     +    |      0|  0|  15|           6|           1|
    |k_5_fu_1146_p2                      |     +    |      0|  0|  12|           1|           3|
    |ka_4_fu_2061_p2                     |     +    |      0|  0|  12|           2|           3|
    |kb_3_fu_2024_p2                     |     +    |      0|  0|  12|           2|           3|
    |num_img_7_fu_1071_p2                |     +    |      0|  0|  21|          15|           1|
    |r_V_fu_1787_p2                      |     +    |      0|  0|  31|          24|          24|
    |tmp1_fu_1722_p2                     |     +    |      0|  0|  25|          18|          18|
    |tmp2_fu_1688_p2                     |     +    |      0|  0|  24|          17|          17|
    |tmp3_fu_1712_p2                     |     +    |      0|  0|  24|          17|          17|
    |tmp4_fu_1747_p2                     |     +    |      0|  0|  25|          18|          18|
    |tmp5_fu_1728_p2                     |     +    |      0|  0|  24|          17|          17|
    |tmp6_fu_1738_p2                     |     +    |      0|  0|  24|          17|          17|
    |tmp_143_fu_1220_p2                  |     +    |      0|  0|  12|           3|           2|
    |tmp_146_fu_2166_p2                  |     +    |      0|  0|  13|          11|          11|
    |tmp_149_fu_2195_p2                  |     +    |      0|  0|  12|          12|          12|
    |tmp_159_fu_1196_p2                  |     +    |      0|  0|  12|           9|           9|
    |tmp_162_fu_1770_p2                  |     +    |      0|  0|  26|          19|          19|
    |tmp_164_fu_1202_p2                  |     +    |      0|  0|  12|           9|           9|
    |tmp_171_fu_1452_p2                  |     +    |      0|  0|  15|           9|           9|
    |tmp_172_fu_1458_p2                  |     +    |      0|  0|  15|           9|           9|
    |tmp_173_fu_1464_p2                  |     +    |      0|  0|  15|           9|           9|
    |tmp_175_fu_1470_p2                  |     +    |      0|  0|  15|           9|           9|
    |tmp_178_fu_1476_p2                  |     +    |      0|  0|  71|          64|          64|
    |tmp_180_fu_1526_p2                  |     +    |      0|  0|  12|           1|          12|
    |tmp_181_fu_1532_p2                  |     +    |      0|  0|  12|           2|          12|
    |neg_mul_fu_1896_p2                  |     -    |      0|  0|  74|           1|          67|
    |neg_ti_fu_1924_p2                   |     -    |      0|  0|  40|           1|          33|
    |p_neg_fu_1810_p2                    |     -    |      0|  0|  31|           1|          24|
    |p_neg_t_fu_1832_p2                  |     -    |      0|  0|  33|           1|          26|
    |tmp_148_fu_2189_p2                  |     -    |      0|  0|  12|          12|          12|
    |tmp_179_fu_1521_p2                  |     -    |      0|  0|  12|          12|          12|
    |ap_block_pp0_stage0_01001           |    and   |      0|  0|   2|           1|           1|
    |ap_block_pp1_stage0_11001           |    and   |      0|  0|   2|           1|           1|
    |ap_block_pp2_stage1_01001           |    and   |      0|  0|   2|           1|           1|
    |ap_block_pp3_stage0_01001           |    and   |      0|  0|   2|           1|           1|
    |ap_block_pp4_stage0_01001           |    and   |      0|  0|   2|           1|           1|
    |ap_block_state23_pp1_stage0_iter2   |    and   |      0|  0|   2|           1|           1|
    |ap_block_state55_pp2_stage1_iter14  |    and   |      0|  0|   2|           1|           1|
    |ap_condition_2427                   |    and   |      0|  0|   2|           1|           1|
    |ap_condition_456                    |    and   |      0|  0|   2|           1|           1|
    |ap_condition_475                    |    and   |      0|  0|   2|           1|           1|
    |exitcond10_mid1_fu_1300_p2          |    and   |      0|  0|   2|           1|           1|
    |exitcond10_mid_fu_1270_p2           |    and   |      0|  0|   2|           1|           1|
    |exitcond6_mid1_fu_2102_p2           |    and   |      0|  0|   2|           1|           1|
    |exitcond6_mid_fu_2080_p2            |    and   |      0|  0|   2|           1|           1|
    |exitcond8_mid_fu_1140_p2            |    and   |      0|  0|   2|           1|           1|
    |exitcond_flatten65_m_fu_1282_p2     |    and   |      0|  0|   2|           1|           1|
    |exitcond_flatten_mid_fu_2018_p2     |    and   |      0|  0|   2|           1|           1|
    |exitcond12_fu_2074_p2               |   icmp   |      0|  0|  11|           5|           6|
    |exitcond13_fu_1134_p2               |   icmp   |      0|  0|  11|           6|           7|
    |exitcond14_fu_1264_p2               |   icmp   |      0|  0|  11|           6|           7|
    |exitcond_flatten14_fu_1969_p2       |   icmp   |      0|  0|  13|          12|          11|
    |exitcond_flatten15_fu_2012_p2       |   icmp   |      0|  0|  13|          11|          10|
    |exitcond_flatten16_fu_1077_p2       |   icmp   |      0|  0|  13|          10|           9|
    |exitcond_flatten17_fu_1089_p2       |   icmp   |      0|  0|  13|           9|           8|
    |exitcond_flatten18_fu_1232_p2       |   icmp   |      0|  0|  13|          13|          13|
    |exitcond_flatten19_fu_1244_p2       |   icmp   |      0|  0|  13|          12|          11|
    |exitcond_flatten20_fu_1276_p2       |   icmp   |      0|  0|  13|          11|          10|
    |exitcond_flatten_fu_1957_p2         |   icmp   |      0|  0|  13|          13|          13|
    |exitcond_fu_2211_p2                 |   icmp   |      0|  0|  11|           5|           6|
    |ifzero_fu_1538_p2                   |   icmp   |      0|  0|  11|           6|           7|
    |tmp_131_fu_1015_p2                  |   icmp   |      0|  0|  13|          16|           1|
    |tmp_135_fu_1066_p2                  |   icmp   |      0|  0|  13|          16|          16|
    |tmp_136_fu_1051_p2                  |   icmp   |      0|  0|  18|          32|          32|
    |tmp_s_fu_1010_p2                    |   icmp   |      0|  0|  13|          16|           3|
    |ap_block_state1                     |    or    |      0|  0|   2|           1|           1|
    |ap_block_state18_pp0_stage0_iter1   |    or    |      0|  0|   2|           1|           1|
    |ap_block_state2                     |    or    |      0|  0|   2|           1|           1|
    |ap_block_state61_pp3_stage0_iter4   |    or    |      0|  0|   2|           1|           1|
    |ap_block_state65_pp4_stage0_iter1   |    or    |      0|  0|   2|           1|           1|
    |not_exitcond_flatten_4_fu_1294_p2   |    or    |      0|  0|   2|           1|           1|
    |not_exitcond_flatten_5_fu_2097_p2   |    or    |      0|  0|   2|           1|           1|
    |tmp_141_fu_2030_p2                  |    or    |      0|  0|   2|           1|           1|
    |tmp_142_fu_2114_p2                  |    or    |      0|  0|   2|           1|           1|
    |tmp_150_fu_1152_p2                  |    or    |      0|  0|   2|           1|           1|
    |tmp_166_fu_1329_p2                  |    or    |      0|  0|   2|           1|           1|
    |tmp_167_fu_1353_p2                  |    or    |      0|  0|   2|           1|           1|
    |tmp_168_fu_2119_p2                  |    or    |      0|  0|   2|           1|           1|
    |tmp_192_fu_1357_p2                  |    or    |      0|  0|   2|           1|           1|
    |Outbuf_V_fu_1949_p3                 |  select  |      0|  0|  16|           1|           1|
    |i28_mid2_fu_2124_p3                 |  select  |      0|  0|   5|           1|           1|
    |i3_mid2_fu_1157_p3                  |  select  |      0|  0|   6|           1|           1|
    |i4_mid_fu_1333_p3                   |  select  |      0|  0|   5|           1|           1|
    |ib_mid2_fu_1341_p3                  |  select  |      0|  0|   3|           1|           3|
    |ib_mid_fu_1250_p3                   |  select  |      0|  0|   3|           1|           1|
    |indvar_flatten_next1_7_fu_1101_p3   |  select  |      0|  0|   9|           1|           1|
    |indvar_flatten_next1_9_fu_1376_p3   |  select  |      0|  0|  11|           1|           1|
    |indvar_flatten_next1_fu_1981_p3     |  select  |      0|  0|  12|           1|           1|
    |indvar_flatten_next2_fu_1383_p3     |  select  |      0|  0|  12|           1|           1|
    |indvar_flatten_next_fu_2146_p3      |  select  |      0|  0|  11|           1|           1|
    |j5_mid2_fu_1362_p3                  |  select  |      0|  0|   6|           1|           1|
    |j_mid_fu_2085_p3                    |  select  |      0|  0|   6|           1|           1|
    |k_mid2_fu_1165_p3                   |  select  |      0|  0|   3|           1|           3|
    |k_mid_fu_1115_p3                    |  select  |      0|  0|   3|           1|           1|
    |kb_mid2_fu_2047_p3                  |  select  |      0|  0|   3|           1|           3|
    |kb_mid_fu_1989_p3                   |  select  |      0|  0|   3|           1|           2|
    |kb_t_mid2_fu_2039_p3                |  select  |      0|  0|   2|           1|           2|
    |kb_t_mid_fu_2000_p3                 |  select  |      0|  0|   3|           1|           3|
    |p_5_mid2_fu_1753_p3                 |  select  |      0|  0|  24|           1|           1|
    |tmp_134_mid2_v_v_fu_2067_p3         |  select  |      0|  0|   3|           1|           3|
    |tmp_141_mid2_v_fu_1122_p3           |  select  |      0|  0|   3|           1|           3|
    |tmp_142_mid2_fu_2132_p3             |  select  |      0|  0|   6|           1|           6|
    |tmp_144_mid2_fu_1389_p3             |  select  |      0|  0|   3|           1|           3|
    |tmp_149_mid2_fu_1418_p3             |  select  |      0|  0|   5|           1|           5|
    |tmp_151_fu_1845_p3                  |  select  |      0|  0|  26|           1|          26|
    |tmp_152_fu_1930_p3                  |  select  |      0|  0|  33|           1|          33|
    |tmp_184_fu_1917_p3                  |  select  |      0|  0|  33|           1|          33|
    |tmp_205_1_mid2_fu_1318_p3           |  select  |      0|  0|   3|           1|           3|
    |tmp_205_2_mid2_fu_1408_p3           |  select  |      0|  0|   3|           1|           3|
    |ap_enable_pp0                       |    xor   |      0|  0|   2|           1|           2|
    |ap_enable_pp1                       |    xor   |      0|  0|   2|           1|           2|
    |ap_enable_pp2                       |    xor   |      0|  0|   2|           1|           2|
    |ap_enable_pp3                       |    xor   |      0|  0|   2|           1|           2|
    |ap_enable_pp4                       |    xor   |      0|  0|   2|           1|           2|
    |ap_enable_reg_pp0_iter1             |    xor   |      0|  0|   2|           2|           1|
    |ap_enable_reg_pp1_iter1             |    xor   |      0|  0|   2|           2|           1|
    |ap_enable_reg_pp2_iter1             |    xor   |      0|  0|   2|           2|           1|
    |ap_enable_reg_pp3_iter1             |    xor   |      0|  0|   2|           2|           1|
    |ap_enable_reg_pp4_iter1             |    xor   |      0|  0|   2|           2|           1|
    |exitcond_flatten65_n_fu_1288_p2     |    xor   |      0|  0|   2|           1|           2|
    |exitcond_flatten_not_fu_2092_p2     |    xor   |      0|  0|   2|           1|           2|
    |not_exitcond_flatten_2_fu_1129_p2   |    xor   |      0|  0|   2|           1|           2|
    |not_exitcond_flatten_3_fu_1258_p2   |    xor   |      0|  0|   2|           1|           2|
    |not_exitcond_flatten_fu_2007_p2     |    xor   |      0|  0|   2|           1|           2|
    +------------------------------------+----------+-------+---+----+------------+------------+
    |Total                               |          |      0|  0|1937|         895|        1026|
    +------------------------------------+----------+-------+---+----+------------+------------+

    * Multiplexer: 
    +-------------------------------------------------+-----+-----------+-----+-----------+
    |                       Name                      | LUT | Input Size| Bits| Total Bits|
    +-------------------------------------------------+-----+-----------+-----+-----------+
    |A_V_1_0_address0                                 |   15|          3|    8|         24|
    |A_V_1_0_address1                                 |   15|          3|    8|         24|
    |A_V_1_1_address0                                 |   21|          4|    8|         32|
    |A_V_1_1_address1                                 |   21|          4|    8|         32|
    |A_V_1_2_address0                                 |   21|          4|    8|         32|
    |A_V_1_2_address1                                 |   21|          4|    8|         32|
    |A_V_1_3_address0                                 |   15|          3|    8|         24|
    |A_V_1_3_address1                                 |   15|          3|    8|         24|
    |A_V_1_4_address0                                 |   15|          3|    8|         24|
    |A_V_1_4_address1                                 |   15|          3|    8|         24|
    |B_V_1_0_address0                                 |   15|          3|   11|         33|
    |B_V_1_0_address1                                 |   15|          3|   11|         33|
    |B_V_1_1_address0                                 |   15|          3|   11|         33|
    |B_V_1_1_address1                                 |   15|          3|   11|         33|
    |B_V_1_2_address0                                 |   15|          3|   11|         33|
    |B_V_1_2_address1                                 |   15|          3|   11|         33|
    |ap_NS_fsm                                        |  133|         29|    1|         29|
    |ap_done                                          |    9|          2|    1|          2|
    |ap_enable_reg_pp0_iter1                          |   15|          3|    1|          3|
    |ap_enable_reg_pp1_iter1                          |    9|          2|    1|          2|
    |ap_enable_reg_pp1_iter3                          |    9|          2|    1|          2|
    |ap_enable_reg_pp2_iter1                          |    9|          2|    1|          2|
    |ap_enable_reg_pp2_iter14                         |    9|          2|    1|          2|
    |ap_enable_reg_pp3_iter1                          |    9|          2|    1|          2|
    |ap_enable_reg_pp3_iter5                          |    9|          2|    1|          2|
    |ap_enable_reg_pp4_iter1                          |    9|          2|    1|          2|
    |ap_enable_reg_pp4_iter2                          |    9|          2|    1|          2|
    |ap_phi_mux_A_V_1_load_2_2_phi_phi_fu_750_p6      |   21|          4|    8|         32|
    |ap_phi_mux_i1_phi_fu_933_p4                      |    9|          2|    5|         10|
    |ap_phi_mux_i20_phi_fu_921_p4                     |    9|          2|    5|         10|
    |ap_phi_mux_i3_phi_fu_647_p4                      |    9|          2|    6|         12|
    |ap_phi_mux_i4_phi_fu_715_p4                      |    9|          2|    5|         10|
    |ap_phi_mux_ia_phi_fu_670_p4                      |    9|          2|    3|          6|
    |ap_phi_mux_ib_phi_fu_693_p4                      |    9|          2|    3|          6|
    |ap_phi_mux_indvar_flatten11_phi_fu_659_p4        |    9|          2|   13|         26|
    |ap_phi_mux_indvar_flatten12_phi_fu_682_p4        |    9|          2|   12|         24|
    |ap_phi_mux_indvar_flatten13_phi_fu_704_p4        |    9|          2|   11|         22|
    |ap_phi_mux_indvar_flatten_phi_fu_897_p4          |    9|          2|   11|         22|
    |ap_phi_mux_j2_phi_fu_612_p4                      |    9|          2|    3|          6|
    |ap_phi_mux_j5_phi_fu_739_p4                      |    9|          2|    6|         12|
    |ap_phi_mux_j_phi_fu_909_p4                       |    9|          2|    6|         12|
    |ap_phi_mux_k_phi_fu_635_p4                       |    9|          2|    3|          6|
    |ap_phi_mux_ka_phi_fu_862_p4                      |    9|          2|    3|          6|
    |ap_phi_mux_kb_phi_fu_885_p4                      |    9|          2|    3|          6|
    |ap_phi_mux_p_5_phi_fu_727_p4                     |    9|          2|   24|         48|
    |ap_phi_reg_pp2_iter3_A_V_1_load_0_0_phi_reg_758  |   21|          4|    8|         32|
    |ap_phi_reg_pp2_iter3_A_V_1_load_0_1_phi_reg_769  |   21|          4|    8|         32|
    |ap_phi_reg_pp2_iter3_A_V_1_load_0_2_phi_reg_780  |   21|          4|    8|         32|
    |ap_phi_reg_pp2_iter3_A_V_1_load_1_0_phi_reg_791  |   21|          4|    8|         32|
    |ap_phi_reg_pp2_iter3_A_V_1_load_1_1_phi_reg_814  |   21|          4|    8|         32|
    |ap_phi_reg_pp2_iter3_A_V_1_load_1_2_phi_reg_825  |   21|          4|    8|         32|
    |ap_phi_reg_pp2_iter3_A_V_1_load_2_0_phi_reg_836  |   21|          4|    8|         32|
    |ap_phi_reg_pp2_iter3_A_V_1_load_2_1_phi_reg_803  |   21|          4|    8|         32|
    |bias_V_9_address0                                |   15|          3|    4|         12|
    |i1_reg_929                                       |    9|          2|    5|         10|
    |i20_reg_917                                      |    9|          2|    5|         10|
    |i3_reg_643                                       |    9|          2|    6|         12|
    |i4_reg_711                                       |    9|          2|    5|         10|
    |i8_reg_575                                       |    9|          2|   31|         62|
    |ia_reg_666                                       |    9|          2|    3|          6|
    |ib_reg_689                                       |    9|          2|    3|          6|
    |indvar_flatten10_reg_620                         |    9|          2|    9|         18|
    |indvar_flatten11_reg_655                         |    9|          2|   13|         26|
    |indvar_flatten12_reg_678                         |    9|          2|   12|         24|
    |indvar_flatten13_reg_700                         |    9|          2|   11|         22|
    |indvar_flatten7_reg_847                          |    9|          2|   13|         26|
    |indvar_flatten8_reg_870                          |    9|          2|   12|         24|
    |indvar_flatten9_reg_597                          |    9|          2|   10|         20|
    |indvar_flatten_reg_893                           |    9|          2|   11|         22|
    |j2_reg_608                                       |    9|          2|    3|          6|
    |j5_reg_735                                       |    9|          2|    6|         12|
    |j_reg_905                                        |    9|          2|    6|         12|
    |k_reg_631                                        |    9|          2|    3|          6|
    |ka_reg_858                                       |    9|          2|    3|          6|
    |kb_reg_881                                       |    9|          2|    3|          6|
    |num_img_reg_586                                  |    9|          2|   15|         30|
    |p_5_reg_723                                      |    9|          2|   24|         48|
    |real_start                                       |    9|          2|    1|          2|
    |stream_in_V_V_blk_n                              |    9|          2|    1|          2|
    |stream_out_V_V_blk_n                             |    9|          2|    1|          2|
    |stream_out_V_V_din                               |   15|          3|   16|         48|
    +-------------------------------------------------+-----+-----------+-----+-----------+
    |Total                                            | 1099|        230|  586|       1542|
    +-------------------------------------------------+-----+-----------+-----+-----------+

    * Register: 
    +-------------------------------------------------+----+----+-----+-----------+
    |                       Name                      | FF | LUT| Bits| Const Bits|
    +-------------------------------------------------+----+----+-----+-----------+
    |A_V_1_0_addr_3_reg_2548                          |   8|   0|    8|          0|
    |A_V_1_0_load_1_reg_2691                          |   8|   0|    8|          0|
    |A_V_1_0_load_2_reg_2711                          |   8|   0|    8|          0|
    |A_V_1_0_load_reg_2681                            |   8|   0|    8|          0|
    |A_V_1_1_addr_2_reg_2558                          |   8|   0|    8|          0|
    |A_V_1_1_addr_3_reg_2564                          |   8|   0|    8|          0|
    |A_V_1_2_addr_2_reg_2575                          |   8|   0|    8|          0|
    |A_V_1_2_addr_3_reg_2581                          |   8|   0|    8|          0|
    |A_V_1_3_addr_2_reg_2592                          |   8|   0|    8|          0|
    |A_V_1_4_addr_2_reg_2607                          |   8|   0|    8|          0|
    |A_V_1_4_load_1_reg_2706                          |   8|   0|    8|          0|
    |A_V_1_4_load_2_reg_2696                          |   8|   0|    8|          0|
    |A_V_1_4_load_reg_2686                            |   8|   0|    8|          0|
    |A_V_1_load_1_0_phi_reg_791                       |   8|   0|    8|          0|
    |B_V_1_0_addr_3_reg_2646                          |  11|   0|   11|          0|
    |B_V_1_0_load_1_reg_2701                          |   8|   0|    8|          0|
    |B_V_1_1_addr_2_reg_2656                          |  11|   0|   11|          0|
    |B_V_1_1_load_2_reg_2716                          |   8|   0|    8|          0|
    |B_V_1_2_addr_2_reg_2671                          |  11|   0|   11|          0|
    |KER_bound_reg_2318                               |  32|   0|   32|          0|
    |Outbuf_V_reg_2883                                |  16|   0|   16|          0|
    |ap_CS_fsm                                        |  28|   0|   28|          0|
    |ap_done_reg                                      |   1|   0|    1|          0|
    |ap_enable_reg_pp0_iter0                          |   1|   0|    1|          0|
    |ap_enable_reg_pp0_iter1                          |   1|   0|    1|          0|
    |ap_enable_reg_pp1_iter0                          |   1|   0|    1|          0|
    |ap_enable_reg_pp1_iter1                          |   1|   0|    1|          0|
    |ap_enable_reg_pp1_iter2                          |   1|   0|    1|          0|
    |ap_enable_reg_pp1_iter3                          |   1|   0|    1|          0|
    |ap_enable_reg_pp2_iter0                          |   1|   0|    1|          0|
    |ap_enable_reg_pp2_iter1                          |   1|   0|    1|          0|
    |ap_enable_reg_pp2_iter10                         |   1|   0|    1|          0|
    |ap_enable_reg_pp2_iter11                         |   1|   0|    1|          0|
    |ap_enable_reg_pp2_iter12                         |   1|   0|    1|          0|
    |ap_enable_reg_pp2_iter13                         |   1|   0|    1|          0|
    |ap_enable_reg_pp2_iter14                         |   1|   0|    1|          0|
    |ap_enable_reg_pp2_iter2                          |   1|   0|    1|          0|
    |ap_enable_reg_pp2_iter3                          |   1|   0|    1|          0|
    |ap_enable_reg_pp2_iter4                          |   1|   0|    1|          0|
    |ap_enable_reg_pp2_iter5                          |   1|   0|    1|          0|
    |ap_enable_reg_pp2_iter6                          |   1|   0|    1|          0|
    |ap_enable_reg_pp2_iter7                          |   1|   0|    1|          0|
    |ap_enable_reg_pp2_iter8                          |   1|   0|    1|          0|
    |ap_enable_reg_pp2_iter9                          |   1|   0|    1|          0|
    |ap_enable_reg_pp3_iter0                          |   1|   0|    1|          0|
    |ap_enable_reg_pp3_iter1                          |   1|   0|    1|          0|
    |ap_enable_reg_pp3_iter2                          |   1|   0|    1|          0|
    |ap_enable_reg_pp3_iter3                          |   1|   0|    1|          0|
    |ap_enable_reg_pp3_iter4                          |   1|   0|    1|          0|
    |ap_enable_reg_pp3_iter5                          |   1|   0|    1|          0|
    |ap_enable_reg_pp4_iter0                          |   1|   0|    1|          0|
    |ap_enable_reg_pp4_iter1                          |   1|   0|    1|          0|
    |ap_enable_reg_pp4_iter2                          |   1|   0|    1|          0|
    |ap_phi_reg_pp2_iter1_A_V_1_load_0_0_phi_reg_758  |   8|   0|    8|          0|
    |ap_phi_reg_pp2_iter1_A_V_1_load_0_1_phi_reg_769  |   8|   0|    8|          0|
    |ap_phi_reg_pp2_iter1_A_V_1_load_0_2_phi_reg_780  |   8|   0|    8|          0|
    |ap_phi_reg_pp2_iter1_A_V_1_load_1_0_phi_reg_791  |   8|   0|    8|          0|
    |ap_phi_reg_pp2_iter1_A_V_1_load_1_1_phi_reg_814  |   8|   0|    8|          0|
    |ap_phi_reg_pp2_iter1_A_V_1_load_1_2_phi_reg_825  |   8|   0|    8|          0|
    |ap_phi_reg_pp2_iter1_A_V_1_load_2_0_phi_reg_836  |   8|   0|    8|          0|
    |ap_phi_reg_pp2_iter1_A_V_1_load_2_1_phi_reg_803  |   8|   0|    8|          0|
    |ap_phi_reg_pp2_iter2_A_V_1_load_0_0_phi_reg_758  |   8|   0|    8|          0|
    |ap_phi_reg_pp2_iter2_A_V_1_load_0_1_phi_reg_769  |   8|   0|    8|          0|
    |ap_phi_reg_pp2_iter2_A_V_1_load_0_2_phi_reg_780  |   8|   0|    8|          0|
    |ap_phi_reg_pp2_iter2_A_V_1_load_1_0_phi_reg_791  |   8|   0|    8|          0|
    |ap_phi_reg_pp2_iter2_A_V_1_load_1_1_phi_reg_814  |   8|   0|    8|          0|
    |ap_phi_reg_pp2_iter2_A_V_1_load_1_2_phi_reg_825  |   8|   0|    8|          0|
    |ap_phi_reg_pp2_iter2_A_V_1_load_2_0_phi_reg_836  |   8|   0|    8|          0|
    |ap_phi_reg_pp2_iter2_A_V_1_load_2_1_phi_reg_803  |   8|   0|    8|          0|
    |ap_phi_reg_pp2_iter3_A_V_1_load_0_0_phi_reg_758  |   8|   0|    8|          0|
    |ap_phi_reg_pp2_iter3_A_V_1_load_0_1_phi_reg_769  |   8|   0|    8|          0|
    |ap_phi_reg_pp2_iter3_A_V_1_load_0_2_phi_reg_780  |   8|   0|    8|          0|
    |ap_phi_reg_pp2_iter3_A_V_1_load_1_0_phi_reg_791  |   8|   0|    8|          0|
    |ap_phi_reg_pp2_iter3_A_V_1_load_1_1_phi_reg_814  |   8|   0|    8|          0|
    |ap_phi_reg_pp2_iter3_A_V_1_load_1_2_phi_reg_825  |   8|   0|    8|          0|
    |ap_phi_reg_pp2_iter3_A_V_1_load_2_0_phi_reg_836  |   8|   0|    8|          0|
    |ap_phi_reg_pp2_iter3_A_V_1_load_2_1_phi_reg_803  |   8|   0|    8|          0|
    |bias_V_9_load_reg_2812                           |   8|   0|    8|          0|
    |buf_V_7_2_2_reg_2806                             |  24|   0|   24|          0|
    |exitcond10_mid1_reg_2442                         |   1|   0|    1|          0|
    |exitcond_flatten14_reg_2897                      |   1|   0|    1|          0|
    |exitcond_flatten14_reg_2897_pp3_iter1_reg        |   1|   0|    1|          0|
    |exitcond_flatten15_reg_2918                      |   1|   0|    1|          0|
    |exitcond_flatten16_reg_2341                      |   1|   0|    1|          0|
    |exitcond_flatten17_reg_2350                      |   1|   0|    1|          0|
    |exitcond_flatten18_reg_2410                      |   1|   0|    1|          0|
    |exitcond_flatten19_reg_2419                      |   1|   0|    1|          0|
    |exitcond_flatten65_m_reg_2435                    |   1|   0|    1|          0|
    |exitcond_flatten_mid_reg_2923                    |   1|   0|    1|          0|
    |exitcond_flatten_reg_2888                        |   1|   0|    1|          0|
    |exitcond_reg_2997                                |   1|   0|    1|          0|
    |exitcond_reg_2997_pp4_iter1_reg                  |   1|   0|    1|          0|
    |i1_reg_929                                       |   5|   0|    5|          0|
    |i1_reg_929_pp4_iter1_reg                         |   5|   0|    5|          0|
    |i20_reg_917                                      |   5|   0|    5|          0|
    |i28_mid2_reg_2954                                |   5|   0|    5|          0|
    |i3_mid2_reg_2369                                 |   6|   0|    6|          0|
    |i3_reg_643                                       |   6|   0|    6|          0|
    |i4_mid_reg_2464                                  |   5|   0|    5|          0|
    |i4_reg_711                                       |   5|   0|    5|          0|
    |i8_reg_575                                       |  31|   0|   31|          0|
    |i_21_reg_3001                                    |   5|   0|    5|          0|
    |i_22_reg_2965                                    |   5|   0|    5|          0|
    |i_23_reg_2474                                    |   5|   0|    5|          0|
    |i_3_reg_2380                                     |   6|   0|    6|          0|
    |ia_2_reg_2404                                    |   3|   0|    3|          0|
    |ia_reg_666                                       |   3|   0|    3|          0|
    |ib_mid2_reg_2469                                 |   3|   0|    3|          0|
    |ib_mid_reg_2429                                  |   3|   0|    3|          0|
    |ib_reg_689                                       |   3|   0|    3|          0|
    |ifzero_reg_2632                                  |   1|   0|    1|          0|
    |indvar_flatten10_reg_620                         |   9|   0|    9|          0|
    |indvar_flatten11_reg_655                         |  13|   0|   13|          0|
    |indvar_flatten12_reg_678                         |  12|   0|   12|          0|
    |indvar_flatten13_reg_700                         |  11|   0|   11|          0|
    |indvar_flatten63_op_reg_2448                     |  11|   0|   11|          0|
    |indvar_flatten78_op_reg_2453                     |  12|   0|   12|          0|
    |indvar_flatten7_reg_847                          |  13|   0|   13|          0|
    |indvar_flatten8_reg_870                          |  12|   0|   12|          0|
    |indvar_flatten9_reg_597                          |  10|   0|   10|          0|
    |indvar_flatten_next1_9_reg_2497                  |  11|   0|   11|          0|
    |indvar_flatten_next2_1_reg_2414                  |  13|   0|   13|          0|
    |indvar_flatten_next2_reg_2502                    |  12|   0|   12|          0|
    |indvar_flatten_op_reg_2943                       |  11|   0|   11|          0|
    |indvar_flatten_reg_893                           |  11|   0|   11|          0|
    |j2_reg_608                                       |   3|   0|    3|          0|
    |j5_mid2_reg_2484                                 |   6|   0|    6|          0|
    |j5_reg_735                                       |   6|   0|    6|          0|
    |j_2_reg_2491                                     |   6|   0|    6|          0|
    |j_reg_905                                        |   6|   0|    6|          0|
    |k_mid2_reg_2375                                  |   3|   0|    3|          0|
    |k_mid2_reg_2375_pp1_iter2_reg                    |   3|   0|    3|          0|
    |k_reg_631                                        |   3|   0|    3|          0|
    |ka_reg_858                                       |   3|   0|    3|          0|
    |kb_mid2_reg_2938                                 |   3|   0|    3|          0|
    |kb_reg_881                                       |   3|   0|    3|          0|
    |kb_t_mid2_reg_2934                               |   2|   0|    2|          0|
    |lhs_V_reg_2286                                   |  32|   0|   32|          0|
    |mul_reg_2868                                     |  67|   0|   67|          0|
    |multiple_V_9                                     |   8|   0|    8|          0|
    |neg_mul_reg_2878                                 |  67|   0|   67|          0|
    |not_exitcond_flatten_reg_2913                    |   1|   0|    1|          0|
    |num_img_7_reg_2336                               |  15|   0|   15|          0|
    |num_img_reg_586                                  |  15|   0|   15|          0|
    |p_1_reg_2313                                     |  32|   0|   32|          0|
    |p_5_mid2_reg_2791                                |  24|   0|   24|          0|
    |p_5_reg_723                                      |  24|   0|   24|          0|
    |r_V_18_0_1_reg_2736                              |  16|   0|   16|          0|
    |r_V_18_0_2_reg_2741                              |  16|   0|   16|          0|
    |r_V_18_1_1_reg_2756                              |  16|   0|   16|          0|
    |r_V_18_1_2_reg_2761                              |  16|   0|   16|          0|
    |r_V_18_1_reg_2751                                |  16|   0|   16|          0|
    |r_V_18_2_1_reg_2746                              |  16|   0|   16|          0|
    |r_V_18_2_reg_2766                                |  16|   0|   16|          0|
    |r_V_3_reg_2731                                   |  16|   0|   16|          0|
    |r_V_reg_2817                                     |  24|   0|   24|          0|
    |r_V_s_reg_2852                                   |  33|   0|   33|          0|
    |reg_1004                                         |   8|   0|    8|          0|
    |reg_941                                          |   8|   0|    8|          0|
    |reg_947                                          |   8|   0|    8|          0|
    |reg_954                                          |   8|   0|    8|          0|
    |reg_960                                          |   8|   0|    8|          0|
    |reg_966                                          |   8|   0|    8|          0|
    |reg_973                                          |   8|   0|    8|          0|
    |reg_979                                          |   8|   0|    8|          0|
    |reg_983                                          |   8|   0|    8|          0|
    |reg_987                                          |   8|   0|    8|          0|
    |reg_991                                          |   8|   0|    8|          0|
    |reg_998                                          |   8|   0|    8|          0|
    |start_once_reg                                   |   1|   0|    1|          0|
    |tmp1_reg_2781                                    |  18|   0|   18|          0|
    |tmp2_reg_2771                                    |  17|   0|   17|          0|
    |tmp4_reg_2786                                    |  18|   0|   18|          0|
    |tmp7_reg_2776                                    |  17|   0|   17|          0|
    |tmp8_reg_2303                                    |  32|   0|   32|          0|
    |tmp9_reg_2308                                    |  32|   0|   32|          0|
    |tmp_134_mid2_v_v_reg_2948                        |   3|   0|    3|          0|
    |tmp_134_mid2_v_v_reg_2948_pp3_iter3_reg          |   3|   0|    3|          0|
    |tmp_136_reg_2323                                 |   1|   0|    1|          0|
    |tmp_141_mid2_v_reg_2363                          |   3|   0|    3|          0|
    |tmp_141_reg_2928                                 |   1|   0|    1|          0|
    |tmp_142_mid2_reg_2959                            |   6|   0|    6|          0|
    |tmp_143_reg_2399                                 |   3|   0|    3|          0|
    |tmp_146_reg_2975                                 |  11|   0|   11|          0|
    |tmp_149_mid2_reg_2507                            |   5|   0|    5|          0|
    |tmp_149_reg_2985                                 |  12|   0|   12|          0|
    |tmp_151_reg_2837                                 |  26|   0|   26|          0|
    |tmp_157_reg_2832                                 |  16|   0|   16|          0|
    |tmp_160_reg_2827                                 |  16|   0|   16|          0|
    |tmp_162_reg_2796                                 |  19|   0|   19|          0|
    |tmp_164_reg_2385                                 |   9|   0|    9|          0|
    |tmp_172_reg_2513                                 |   9|   0|    9|          0|
    |tmp_173_reg_2518                                 |   9|   0|    9|          0|
    |tmp_174_reg_2980                                 |  10|   0|   10|          0|
    |tmp_175_reg_2523                                 |   9|   0|    9|          0|
    |tmp_176_reg_2990                                 |   8|   0|    8|          0|
    |tmp_177_reg_3006                                 |   8|   0|    8|          0|
    |tmp_179_reg_2617                                 |  12|   0|   12|          0|
    |tmp_180_reg_2622                                 |  12|   0|   12|          0|
    |tmp_181_reg_2627                                 |  12|   0|   12|          0|
    |tmp_185_reg_2390                                 |   8|   0|    8|          0|
    |tmp_192_reg_2479                                 |   1|   0|    1|          0|
    |tmp_194_reg_2528                                 |  12|   0|   12|          0|
    |tmp_195_reg_2533                                 |  10|   0|   10|          0|
    |tmp_196_reg_2822                                 |   1|   0|    1|          0|
    |tmp_197_reg_2857                                 |   1|   0|    1|          0|
    |tmp_199_reg_2873                                 |  29|   0|   29|          0|
    |tmp_205_1_mid2_reg_2458                          |   3|   0|    3|          0|
    |tmp_V_113_reg_2258                               |  16|   0|   16|          0|
    |tmp_V_115_reg_2263                               |  16|   0|   16|          0|
    |tmp_V_117_reg_2268                               |  16|   0|   16|          0|
    |tmp_V_121_reg_2273                               |  16|   0|   16|          0|
    |tmp_V_reg_2252                                   |  16|   0|   16|          0|
    |exitcond_flatten16_reg_2341                      |  64|  32|    1|          0|
    |exitcond_flatten18_reg_2410                      |  64|  32|    1|          0|
    |exitcond_flatten_reg_2888                        |  64|  32|    1|          0|
    |ib_mid2_reg_2469                                 |  64|  32|    3|          0|
    |ifzero_reg_2632                                  |  64|  32|    1|          0|
    |kb_t_mid2_reg_2934                               |  64|  32|    2|          0|
    |tmp_149_mid2_reg_2507                            |  64|  32|    5|          0|
    |tmp_192_reg_2479                                 |  64|  32|    1|          0|
    |tmp_197_reg_2857                                 |  64|  32|    1|          0|
    +-------------------------------------------------+----+----+-----+-----------+
    |Total                                            |2468| 288| 1908|          0|
    +-------------------------------------------------+----+----+-----+-----------+



================================================================
== Interface
================================================================
* Summary: 
+-----------------------+-----+-----+------------+----------------+--------------+
|       RTL Ports       | Dir | Bits|  Protocol  |  Source Object |    C Type    |
+-----------------------+-----+-----+------------+----------------+--------------+
|ap_clk                 |  in |    1| ap_ctrl_hs |     Conv.2     | return value |
|ap_rst                 |  in |    1| ap_ctrl_hs |     Conv.2     | return value |
|ap_start               |  in |    1| ap_ctrl_hs |     Conv.2     | return value |
|start_full_n           |  in |    1| ap_ctrl_hs |     Conv.2     | return value |
|ap_done                | out |    1| ap_ctrl_hs |     Conv.2     | return value |
|ap_continue            |  in |    1| ap_ctrl_hs |     Conv.2     | return value |
|ap_idle                | out |    1| ap_ctrl_hs |     Conv.2     | return value |
|ap_ready               | out |    1| ap_ctrl_hs |     Conv.2     | return value |
|start_out              | out |    1| ap_ctrl_hs |     Conv.2     | return value |
|start_write            | out |    1| ap_ctrl_hs |     Conv.2     | return value |
|stream_in_V_V_dout     |  in |   16|   ap_fifo  |  stream_in_V_V |    pointer   |
|stream_in_V_V_empty_n  |  in |    1|   ap_fifo  |  stream_in_V_V |    pointer   |
|stream_in_V_V_read     | out |    1|   ap_fifo  |  stream_in_V_V |    pointer   |
|stream_out_V_V_din     | out |   16|   ap_fifo  | stream_out_V_V |    pointer   |
|stream_out_V_V_full_n  |  in |    1|   ap_fifo  | stream_out_V_V |    pointer   |
|stream_out_V_V_write   | out |    1|   ap_fifo  | stream_out_V_V |    pointer   |
+-----------------------+-----+-----+------------+----------------+--------------+

